[localhost/wordpress/index.html]
[backblue.gif]
[fade.gif]
[index.html]
[localhost/wordpress/wp-content/uploads/elementor/css/post-72e895.css]
[localhost/wordpress/feed/index.html]
[localhost/wordpress/comments/feed/index.html]
[localhost/wordpress/wp-includes/css/dist/block-library/style.mind96d.css]
[localhost/wordpress/wp-content/uploads/2021/02/SGCJSE5LL321EAGM.jpg]
[localhost/wordpress/index.html]
[localhost/wordpress/wp-includes/css/dist/block-library/style.mind96d.css]
[localhost/wordpress/wp-content/plugins/contact-form-7/includes/css/stylesde54.css]
[localhost/wordpress/wp-includes/css/dist/block-library/theme.mind96d.css]
[localhost/wordpress/wp-content/plugins/google-language-translator/css/styled42d.css]
[localhost/wordpress/wp-includes/css/dist/block-library/theme.mind96d.css]
[localhost/wordpress/wp-content/plugins/contact-form-7/includes/css/stylesde54.css]
[localhost/wordpress/wp-content/plugins/google-language-translator/css/toolbard42d.css]
[localhost/wordpress/wp-content/plugins/google-language-translator/css/styled42d.css]
[localhost/wordpress/wp-content/plugins/team-free/deprecated/assets/css/slickdade.css]
[localhost/wordpress/wp-content/plugins/google-language-translator/css/toolbard42d.css]
[localhost/wordpress/wp-content/plugins/team-free/deprecated/assets/css/font-awesome.mindade.css]
[localhost/wordpress/wp-content/plugins/svg-support/css/svgs-attachmentd96d.css]
[localhost/wordpress/wp-content/plugins/team-free/deprecated/assets/css/slickdade.css]
[localhost/wordpress/wp-content/plugins/team-free/deprecated/assets/css/styledade.css]
[localhost/wordpress/wp-content/plugins/team-free/public/css/public.min5d0a.css]
[localhost/wordpress/wp-content/themes/oceanwp/assets/fonts/fontawesome/css/all.minaec5.css]
[localhost/wordpress/wp-content/plugins/team-free/deprecated/assets/css/font-awesome.mindade.css]
[localhost/wordpress/wp-content/themes/oceanwp/assets/css/third/simple-line-icons.min8d5a.css]
[localhost/wordpress/wp-content/plugins/team-free/deprecated/assets/css/styledade.css]
[localhost/wordpress/wp-content/themes/oceanwp/assets/css/third/magnific-popup.min8a54.css]
[localhost/wordpress/wp-content/plugins/team-free/public/css/public.min5d0a.css]
[localhost/wordpress/wp-content/themes/oceanwp/assets/css/style.min8162.css]
[localhost/wordpress/wp-content/uploads/useanyfont/uafa69f.css]
[localhost/wordpress/wp-content/themes/oceanwp/assets/fonts/fontawesome/css/all.minaec5.css]
[localhost/wordpress/wp-content/plugins/elementor/assets/lib/animations/animations.minb12b.css]
[localhost/wordpress/wp-content/plugins/elementor/assets/lib/eicons/css/elementor-icons.minee95.css]
[localhost/wordpress/wp-content/plugins/elementor/assets/css/frontend-legacy.minb12b.css]
[localhost/wordpress/wp-content/themes/oceanwp/assets/css/third/simple-line-icons.min8d5a.css]
[localhost/wordpress/wp-content/themes/oceanwp/assets/css/third/magnific-popup.min8a54.css]
[localhost/wordpress/wp-content/themes/oceanwp/assets/css/style.min8162.css]
[localhost/wordpress/wp-content/uploads/elementor/css/post-7452df.css]
[localhost/wordpress/wp-content/uploads/elementor/css/global52df.css]
[localhost/wordpress/wp-content/plugins/elementor/assets/css/frontend.minb12b.css]
[localhost/wordpress/wp-content/plugins/ocean-extra/assets/css/widgetsd96d.css]
[localhost/wordpress/wp-content/plugins/elementor/assets/lib/font-awesome/css/brands.min9e0b.css]
[localhost/wordpress/wp-content/plugins/elementor/assets/lib/font-awesome/css/fontawesome.min9e0b.css]
[localhost/wordpress/wp-content/plugins/elementor/assets/lib/font-awesome/css/solid.min9e0b.css]
[localhost/wordpress/wp-content/plugins/elementor/assets/lib/eicons/css/elementor-icons.minee95.css]
[localhost/wordpress/wp-content/plugins/elementor/assets/lib/animations/animations.minb12b.css]
[localhost/wordpress/wp-content/plugins/elementor/assets/css/frontend-legacy.minb12b.css]
[localhost/wordpress/wp-includes/js/jquery/jquery.min9d52.js]
[localhost/wordpress/wp-includes/js/jquery/jquery-migrate.mind617.js]
[localhost/wordpress/wp-json/index.html]
[localhost/wordpress/wp-content/plugins/elementor/assets/css/frontend.minb12b.css]
[localhost/wordpress/wp-includes/wlwmanifest.xml]
[localhost/wordpress/wp-json/wp/v2/pages/72.json]
[localhost/wordpress/xmlrpc0db0.php]
[localhost/wordpress/wp-content/uploads/elementor/css/post-7452df.css]
[localhost/wordpress/wp-content/uploads/elementor/css/global52df.css]
[localhost/wordpress/wp-json/oembed/1.0/embed68f4.json]
[localhost/wordpress/wp-content/uploads/2021/02/logo_pain2d_software.png]
[localhost/wordpress/wp-content/uploads/elementor/css/post-72e895.css]
[localhost/wordpress/wp-json/oembed/1.0/embedd248]
[localhost/wordpress/wp-content/plugins/ocean-extra/assets/css/widgetsd96d.css]
[localhost/wordpress/research/index.html]
[localhost/wordpress/tutorial/index.html]
[localhost/wordpress/team/index.html]
[localhost/wordpress/member1/index.html]
[localhost/wordpress/wp-content/plugins/elementor/assets/lib/font-awesome/css/fontawesome.min9e0b.css]
[localhost/wordpress/pain2d-designer-tutorial/index.html]
[localhost/wordpress/wp-content/plugins/elementor/assets/lib/font-awesome/css/brands.min9e0b.css]
[localhost/wordpress/pain2d-tablet-tutorial/index.html]
[localhost/wordpress/wp-content/uploads/2021/01/稿定设计-1-1-scaled.jpg]
[localhost/wordpress/pain2d-tool-tutorial/index.html]
[localhost/wordpress/wp-content/plugins/elementor/assets/lib/font-awesome/css/solid.min9e0b.css]
[localhost/wordpress/wp-content/uploads/2021/01/freestock_1361415764-scaled-e1612868294561.jpg]
[localhost/wordpress/wp-content/uploads/2021/02/Bildschirmfoto-von-2021-02-01-14-02-41.png]
[localhost/wordpress/download/index.html]
[localhost/wordpress/wp-content/uploads/2021/01/freestock_603607250-scaled-e1612868357365.jpg]
[localhost/wordpress/wp-content/uploads/2021/01/freestock_1450321934-scaled-e1612868409237.jpg]
[localhost/wordpress/team/index.html]
[localhost/wordpress/wp-content/uploads/2021/01/3BIYLT5EO59DEB3W8TEP.png]
[localhost/wordpress/wp-content/uploads/2021/01/freestock_1354524521-1-scaled.jpg]
[localhost/wordpress/research/index.html]
[localhost/wordpress/tutorial/index.html]
[localhost/wordpress/wp-content/uploads/2021/01/national-cancer-institute-DK-4VWK1tw-unsplash-scaled.jpg]
[localhost/wordpress/wp-content/uploads/2020/12/tablet-gross.png]
[localhost/wordpress/wp-content/uploads/2020/12/tool-gross.png]
[localhost/wordpress/member1/index.html]
[localhost/wordpress/pain2d-designer-tutorial/index.html]
[localhost/wordpress/wp-content/uploads/2020/12/designer-gross.png]
[localhost/wordpress/pain2d-tablet/index.html]
[localhost/wordpress/wp-content/uploads/2021/01/Ostfalia.svg.png]
[localhost/wordpress/pain2d-designer/index.html]
[localhost/wordpress/pain2d-tool/index.html]
[localhost/wordpress/pain2d-tool-tutorial/index.html]
[localhost/wordpress/wp-content/uploads/2021/01/zseb-logo-grau.png]
[localhost/wordpress/wp-content/uploads/2021/01/4704743-1.png]
[localhost/wordpress/wp-content/uploads/2021/01/logo_pain2d_software_dark-1022x1024.png]
[localhost/wordpress/pain2d-tablet-tutorial/index.html]
[localhost/wordpress/download/index.html]
[localhost/wordpress/wp-content/plugins/google-language-translator/js/scriptsd42d.js]
[localhost/wordpress/wp-content/plugins/contact-form-7/includes/js/scriptsde54.js]
[localhost/wordpress/wp-content/plugins/mystickymenu/js/detectmobilebrowser3575.js]
[localhost/wordpress/pain2d-tablet/index.html]
[localhost/wordpress/pain2d-tool/index.html]
[localhost/wordpress/wp-content/plugins/svg-support/js/svgs-inline8a54.js]
[localhost/wordpress/wp-content/plugins/team-free/deprecated/assets/js/slick.mindade.js]
[localhost/wordpress/wp-includes/js/imagesloaded.mineda1.js]
[localhost/wordpress/wp-content/plugins/mystickymenu/js/mystickymenu.min3575.js]
[localhost/wordpress/pain2d-designer/index.html]
[localhost/wordpress/wp-content/themes/oceanwp/assets/js/third/magnific-popup.min8162.js]
[localhost/wordpress/wp-content/themes/oceanwp/assets/js/third/lightbox.min8162.js]
[localhost/wordpress/wp-content/themes/oceanwp/assets/js/main.min8162.js]
[localhost/wordpress/wp-includes/js/wp-embed.mind96d.js]
[localhost/wordpress/wp-content/uploads/2021/01/68747470733a2f2f696d672e736869656c64732e696f2f62616467652f4c6963656e73652d47504c76332d626c75652e73766]
[localhost/wordpress/wp-content/plugins/elementor/assets/js/webpack.runtime.minb12b.js]
[localhost/wordpress/wp-content/plugins/elementor/assets/js/frontend-modules.minb12b.js]
[localhost/wordpress/wp-includes/js/jquery/ui/core.min35d0.js]
[localhost/wordpress/wp-content/plugins/elementor/assets/lib/dialog/dialog.mina288.js]
[localhost/wordpress/wp-content/plugins/elementor/assets/lib/waypoints/waypoints.min05da.js]
[localhost/wordpress/wp-content/plugins/elementor/assets/lib/share-link/share-link.minb12b.js]
[localhost/wordpress/wp-content/plugins/elementor/assets/lib/swiper/swiper.min48f5.js]
[localhost/wordpress/wp-content/plugins/elementor/assets/js/frontend.minb12b.js]
[localhost/wordpress/wp-content/plugins/contact-form-7/assets/ajax-loader.gif]
[localhost/wordpress/wp-content/plugins/google-language-translator/images/flags22.png]
[localhost/wordpress/wp-content/plugins/google-language-translator/images/flags20.png]
[localhost/wordpress/wp-content/plugins/elementor/assets/js/preloaded-elements-handlers.minb12b.js]
[localhost/wordpress/wp-content/plugins/google-language-translator/images/flags18.png]
[localhost/wordpress/wp-content/plugins/google-language-translator/images/flags.png]
[localhost/wordpress/wp-content/plugins/google-language-translator/images/flags16.png]
[localhost/wordpress/wp-content/plugins/team-free/deprecated/assets/fonts/fontawesome-webfontd41d.eot]
[localhost/wordpress/wp-content/plugins/team-free/deprecated/assets/fonts/fontawesome-webfont5b62.eot]
[localhost/wordpress/wp-content/plugins/team-free/deprecated/assets/fonts/fontawesome-webfont5b62.woff2]
[localhost/wordpress/wp-content/plugins/team-free/deprecated/assets/fonts/fontawesome-webfont5b62.woff]
[localhost/wordpress/wp-content/plugins/team-free/deprecated/assets/fonts/fontawesome-webfont5b62.ttf]
[localhost/wordpress/wp-content/plugins/team-free/public/img/Spinner-1s-50px.gif]
[localhost/wordpress/wp-content/plugins/team-free/deprecated/assets/fonts/fontawesome-webfont5b62.svg]
[localhost/wordpress/wp-content/themes/oceanwp/assets/fonts/fontawesome/webfonts/fa-brands-400.eot]
[localhost/wordpress/wp-content/themes/oceanwp/assets/fonts/fontawesome/webfonts/fa-brands-400d41d.eot]
[localhost/wordpress/wp-content/themes/oceanwp/assets/fonts/fontawesome/webfonts/fa-brands-400.woff2]
[localhost/wordpress/wp-content/themes/oceanwp/assets/fonts/fontawesome/webfonts/fa-brands-400.woff]
[localhost/wordpress/wp-content/themes/oceanwp/assets/fonts/fontawesome/webfonts/fa-brands-400.ttf]
[localhost/wordpress/wp-content/themes/oceanwp/assets/fonts/fontawesome/webfonts/fa-regular-400.eot]
[localhost/wordpress/wp-content/themes/oceanwp/assets/fonts/fontawesome/webfonts/fa-brands-400.svg]
[localhost/wordpress/wp-content/themes/oceanwp/assets/fonts/fontawesome/webfonts/fa-regular-400.woff2]
[localhost/wordpress/wp-content/themes/oceanwp/assets/fonts/fontawesome/webfonts/fa-regular-400d41d.eot]
[localhost/wordpress/wp-content/themes/oceanwp/assets/fonts/fontawesome/webfonts/fa-regular-400.ttf]
[localhost/wordpress/wp-content/themes/oceanwp/assets/fonts/fontawesome/webfonts/fa-regular-400.woff]
[localhost/wordpress/wp-content/themes/oceanwp/assets/fonts/fontawesome/webfonts/fa-solid-900.eot]
[localhost/wordpress/wp-content/themes/oceanwp/assets/fonts/fontawesome/webfonts/fa-regular-400.svg]
[localhost/wordpress/wp-content/themes/oceanwp/assets/fonts/fontawesome/webfonts/fa-solid-900d41d.eot]
[localhost/wordpress/wp-content/themes/oceanwp/assets/fonts/fontawesome/webfonts/fa-solid-900.woff]
[localhost/wordpress/wp-content/themes/oceanwp/assets/fonts/fontawesome/webfonts/fa-solid-900.woff2]
[localhost/wordpress/wp-content/themes/oceanwp/assets/fonts/fontawesome/webfonts/fa-solid-900.ttf]
[localhost/wordpress/wp-content/themes/oceanwp/assets/fonts/simple-line-icons/Simple-Line-Iconsb26c.eot]
[localhost/wordpress/wp-content/themes/oceanwp/assets/fonts/simple-line-icons/Simple-Line-Iconsb26c.woff2]
[localhost/wordpress/wp-content/themes/oceanwp/assets/fonts/simple-line-icons/Simple-Line-Iconsb26c.ttf]
[localhost/wordpress/wp-content/themes/oceanwp/assets/fonts/fontawesome/webfonts/fa-solid-900.svg]
[localhost/wordpress/wp-content/themes/oceanwp/assets/fonts/simple-line-icons/Simple-Line-Iconsb26c.woff]
[localhost/wordpress/wp-content/themes/oceanwp/assets/fonts/simple-line-icons/Simple-Line-Iconsb26c.svg]
[localhost/wordpress/wp-content/plugins/elementor/assets/lib/eicons/fonts/eicons0b93.eot]
[localhost/wordpress/wp-content/plugins/elementor/assets/lib/eicons/fonts/eicons0b93.woff2]
[localhost/wordpress/wp-content/plugins/elementor/assets/lib/eicons/fonts/eicons0b93.woff]
[localhost/wordpress/wp-content/plugins/elementor/assets/lib/eicons/fonts/eicons0b93.ttf]
[localhost/wordpress/wp-content/uploads/2020/11/research-scaled.jpg]
[localhost/wordpress/wp-content/plugins/elementor/assets/lib/eicons/fonts/eicons0b93.svg]
[localhost/wordpress/wp-content/plugins/ocean-extra/assets/img/instagram-logo.png]
[localhost/wordpress/wp-content/plugins/ocean-extra/assets/img/flickr.png]
[localhost/wordpress/wp-content/plugins/elementor/assets/lib/font-awesome/webfonts/fa-brands-400d41d.eot]
[localhost/wordpress/wp-content/plugins/elementor/assets/lib/font-awesome/webfonts/fa-brands-400.eot]
[localhost/wordpress/wp-content/plugins/elementor/assets/lib/font-awesome/webfonts/fa-brands-400.woff2]
[localhost/wordpress/wp-content/plugins/elementor/assets/lib/font-awesome/webfonts/fa-brands-400.woff]
[localhost/wordpress/wp-content/plugins/elementor/assets/lib/font-awesome/webfonts/fa-brands-400.ttf]
[localhost/wordpress/wp-content/plugins/elementor/assets/lib/font-awesome/webfonts/fa-solid-900.eot]
[localhost/wordpress/wp-content/plugins/elementor/assets/lib/font-awesome/webfonts/fa-brands-400.svg]
[localhost/wordpress/wp-content/plugins/elementor/assets/lib/font-awesome/webfonts/fa-solid-900d41d.eot]
[localhost/wordpress/wp-content/plugins/elementor/assets/lib/font-awesome/webfonts/fa-solid-900.woff2]
[localhost/wordpress/wp-content/plugins/elementor/assets/lib/font-awesome/webfonts/fa-solid-900.ttf]
[localhost/wordpress/wp-content/plugins/elementor/assets/lib/font-awesome/webfonts/fa-solid-900.woff]
[localhost/wordpress/wp-content/uploads/elementor/css/post-750ba7.css]
[localhost/wordpress/wp-json/wp/v2/pages/75.json]
[localhost/wordpress/wp-json/oembed/1.0/embede6ef.json]
[localhost/wordpress/wp-content/plugins/elementor/assets/lib/font-awesome/webfonts/fa-solid-900.svg]
[localhost/wordpress/wp-content/uploads/elementor/css/post-750ba7.css]
[localhost/wordpress/wp-json/oembed/1.0/embed9485]
[localhost/wordpress/wp-content/uploads/2020/12/klawoon-300x300.png]
[localhost/wordpress/indexe839.html]
[localhost/wordpress/wp-content/uploads/2020/12/natasza-300x300.png]
[localhost/wordpress/member2/index.html]
[localhost/wordpress/wp-content/uploads/2020/12/person-un.png]
[localhost/wordpress/member2/index.html]
[localhost/wordpress/wp-content/uploads/2020/12/pia-300x300.png]
[localhost/wordpress/wp-content/uploads/2020/12/nina-300x300.png]
[localhost/wordpress/m3/index.html]
[localhost/wordpress/m4/index.html]
[localhost/wordpress/wp-content/uploads/2020/12/Avatar-Fenja-Eilts.png]
[localhost/wordpress/m5/index.html]
[localhost/wordpress/wp-content/uploads/2020/12/nefissa-300x300.png]
[localhost/wordpress/wp-content/uploads/2020/12/tou-300x300.png]
[localhost/wordpress/m10/index.html]
[localhost/wordpress/m6/index.html]
[localhost/wordpress/wp-content/uploads/2020/12/winzer-300x300.png]
[localhost/wordpress/m3/index.html]
[localhost/wordpress/m8/index.html]
[localhost/wordpress/wp-content/uploads/2020/12/hoecker-300x300.png]
[localhost/wordpress/m9/index.html]
[localhost/wordpress/m4/index.html]
[localhost/wordpress/wp-content/uploads/2020/12/lin.png]
[localhost/wordpress/m11/index.html]
[localhost/wordpress/m7/index.html]
[localhost/wordpress/m5/index.html]
[localhost/wordpress/wp-content/uploads/2020/12/jing-300x300.png]
[localhost/wordpress/wp-content/uploads/elementor/css/post-217f4f4.css]
[localhost/wordpress/m10/index.html]
[localhost/wordpress/m6/index.html]
[localhost/wordpress/wp-json/oembed/1.0/embed46db.json]
[localhost/wordpress/wp-json/oembed/1.0/embed1931]
[localhost/wordpress/wp-content/uploads/2020/12/bookicon3.png]
[localhost/wordpress/wp-content/uploads/elementor/css/post-211eebd.css]
[localhost/wordpress/wp-json/wp/v2/pages/217.json]
[localhost/wordpress/m8/index.html]
[localhost/wordpress/m9/index.html]
[localhost/wordpress/m11/index.html]
[localhost/wordpress/wp-json/oembed/1.0/embedab44.json]
[localhost/wordpress/wp-content/uploads/2021/02/Bildschirmfoto-von-2021-02-01-14-02-41-1024x523.png]
[localhost/wordpress/wp-json/oembed/1.0/embeda5a4]
[localhost/wordpress/wp-json/wp/v2/pages/211.json]
[localhost/wordpress/wp-content/uploads/elementor/css/post-46356cc.css]
[localhost/wordpress/m7/index.html]
[localhost/wordpress/wp-json/wp/v2/pages/463.json]
[localhost/wordpress/wp-content/uploads/elementor/css/post-217f4f4.css]
[localhost/wordpress/wp-json/oembed/1.0/embed81b8.json]
[localhost/wordpress/indexc094.html]
[localhost/wordpress/wp-content/uploads/elementor/css/post-211eebd.css]
[localhost/wordpress/wp-content/uploads/2021/01/稿定设计-1-1-1024x512.jpg]
[localhost/wordpress/wp-json/oembed/1.0/embeda105]
[localhost/wordpress/index0114.html]
[localhost/wordpress/wp-content/uploads/2021/01/PNJJ5MZQ4QGZ8O23P-1024x536.png]
[localhost/wordpress/wp-content/uploads/elementor/css/post-46356cc.css]
[localhost/wordpress/wp-content/uploads/2021/01/4ALZ05RU02B0W_IQ32-1024x543.png]
[localhost/wordpress/indexbbbc.html]
[localhost/wordpress/wp-content/uploads/2021/02/ZIP2.png]
[localhost/wordpress/wp-content/uploads/2021/01/Y4PX31@1AQ9CCRK3BU-1.png]
[localhost/wordpress/wp-content/uploads/2021/01/U4MLA0Z64KENBK1Q-1024x541.png]
[localhost/wordpress/wp-content/uploads/2021/01/2SOY8BX_H1353_5JE9P-1.png]
[localhost/wordpress/wp-content/uploads/2021/01/ILOPP1OG793ZWF0NFZQ-1024x538.png]
[localhost/wordpress/wp-content/uploads/2021/01/KDUYAO1NQUD0RZA_J6-1024x541.png]
[localhost/wordpress/wp-content/uploads/2021/01/SGCJSE5LL321EAGM-1024x538.png]
[localhost/wordpress/wp-content/uploads/2021/01/X4RJGLL@JAVR2B@MVUO93.png]
[localhost/wordpress/wp-content/uploads/2021/01/DVUSI6VH9VA8CYSTO8-1024x547.png]
[localhost/wordpress/wp-content/uploads/2021/01/@1F8C5N3R9WGHOU7X-1024x539.png]
[localhost/wordpress/wp-content/uploads/2021/02/Bildschirmfoto-von-2021-02-10-15-33-32-637x1024.png]
[localhost/wordpress/wp-content/uploads/2021/02/Bildschirmfoto-von-2021-02-10-15-44-37-1024x550.png]
[localhost/wordpress/wp-content/uploads/2021/01/0WQ8P_6CPEFHP5ZWISEB-1024x544.png]
[localhost/wordpress/wp-content/uploads/2021/01/4ZD07JHE26E04KMC4-1024x538.png]
[localhost/wordpress/wp-content/uploads/2021/01/ZC03AWQQ3GZ_DAZDFM-1024x541.png]
[localhost/wordpress/wp-content/uploads/2021/01/IC15S9N16LEPAWFZY.png]
[localhost/wordpress/wp-content/uploads/2021/01/IGW95DMO@G3XJL1T1WJ.png]
[localhost/wordpress/wp-content/uploads/2021/01/NEQ_@C3659N8N.png]
[localhost/wordpress/wp-content/uploads/2021/01/N8B83L0E9C5YDMEJF.png]
[localhost/wordpress/wp-content/uploads/2021/01/@W3XJD70AR5F7D0LIUI-1024x539.png]
[localhost/wordpress/wp-content/uploads/2021/01/67@DPL_CVUX68WJ-1024x539.png]
[localhost/wordpress/wp-content/uploads/2021/02/error.png]
[localhost/wordpress/wp-content/uploads/elementor/css/post-366dae6.css]
[localhost/wordpress/wp-content/uploads/elementor/css/post-366dae6.css]
[localhost/wordpress/wp-json/oembed/1.0/embedcda0.json]
[localhost/wordpress/wp-json/wp/v2/pages/366.json]
[localhost/wordpress/wp-json/oembed/1.0/embed77dc]
[localhost/wordpress/index7aa0.html]
[localhost/wordpress/wp-content/uploads/2021/02/1.png]
[localhost/wordpress/wp-content/uploads/2021/02/3.png]
[localhost/wordpress/wp-content/uploads/2021/02/2.png]
[localhost/wordpress/wp-content/uploads/2021/02/Designer_dragDrop-1024x495.png]
[localhost/wordpress/wp-content/uploads/2021/02/Designer_plus.png]
[localhost/wordpress/wp-content/uploads/2021/02/4.png]
[localhost/wordpress/wp-content/uploads/2021/02/Designer_Raster.png]
[localhost/wordpress/wp-content/uploads/2021/01/E8K7O24AUF4CL@Z7PYDA-1024x534.png]
[localhost/wordpress/wp-content/uploads/2021/01/4JVCS7ISNVM1O09OQWP-1024x537.png]
[localhost/wordpress/wp-content/uploads/elementor/css/post-33485a7.css]
[localhost/wordpress/wp-content/uploads/elementor/css/post-33485a7.css]
[localhost/wordpress/wp-json/wp/v2/pages/334.json]
[localhost/wordpress/indexd06c.html]
[localhost/wordpress/wp-json/oembed/1.0/embed97d4.json]
[localhost/wordpress/wp-json/oembed/1.0/embedbe02]
[localhost/wordpress/wp-content/uploads/2021/02/PDTool-1024x498.png]
[localhost/wordpress/wp-content/uploads/2021/02/Pseudonymization.png]
[localhost/wordpress/wp-content/uploads/2021/02/TPD.png]
[localhost/wordpress/wp-content/uploads/2021/01/N8958PX0F78305S@7-1024x538.png]
[localhost/wordpress/wp-content/uploads/2021/01/UG_Y4WQTU8GRDPSWJF7-1024x541.png]
[localhost/wordpress/wp-content/uploads/2021/02/PP2-1024x589.png]
[localhost/wordpress/wp-content/uploads/2021/02/PP1-1024x595.png]
[localhost/wordpress/wp-content/uploads/2021/02/PP2png.png]
[localhost/wordpress/wp-content/uploads/2021/02/PPCSv.png]
[localhost/wordpress/wp-content/uploads/2021/02/PP3.png]
[localhost/wordpress/wp-content/uploads/2021/02/AUC.png]
[localhost/wordpress/wp-content/uploads/2021/02/saveROC.png]
[localhost/wordpress/wp-content/uploads/2021/02/AUCTable.png]
[localhost/wordpress/wp-content/uploads/2021/01/@OS06C4MFUEF1PGMV65-1024x537.png]
[localhost/wordpress/wp-content/uploads/2021/02/5.png]
[localhost/wordpress/wp-content/uploads/2021/02/KDC.png]
[localhost/wordpress/wp-content/uploads/elementor/css/post-3256aae.css]
[localhost/wordpress/wp-content/uploads/elementor/css/post-3256aae.css]
[localhost/wordpress/wp-json/wp/v2/pages/325.json]
[localhost/wordpress/wp-json/oembed/1.0/embedf8dd.json]
[localhost/wordpress/wp-json/oembed/1.0/embed8bc3]
[localhost/wordpress/indexf175.html]
[localhost/wordpress/wp-content/uploads/2021/01/JM2U@F@U8OVZAANB-1024x536.png]
[localhost/wordpress/wp-content/uploads/2021/02/Tablet1.png]
[localhost/wordpress/wp-content/uploads/2021/02/Tablet2.png]
[localhost/wordpress/wp-content/uploads/2021/02/Tablet3.png]
[localhost/wordpress/wp-content/uploads/2021/01/LVWWSLEM08VZWTH23QTNL-1024x537.png]
[localhost/wordpress/wp-content/uploads/2021/01/SSEM1HEOKN62M0Z5Z2G77-1024x540.png]
[localhost/wordpress/wp-content/uploads/2021/01/Z8WOJTJ41MAYGLSR9YZN-1024x542.png]
[localhost/wordpress/wp-content/uploads/2021/01/M2BUZ26XH6INSNMTO77DXO-1024x543.png]
[localhost/wordpress/wp-content/uploads/2021/01/FNIHS@K997D52QFLB-1024x544.png]
[localhost/wordpress/wp-content/uploads/2021/01/3BIYLT5EO59DEB3W8TEP-1024x539.png]
[localhost/wordpress/wp-content/uploads/2021/01/@92FAQ50ENWQQSH-1024x538.png]
[localhost/wordpress/wp-content/uploads/elementor/css/post-2532d59.css]
[localhost/wordpress/wp-content/uploads/elementor/css/post-2532d59.css]
[localhost/wordpress/wp-json/wp/v2/pages/253.json]
[localhost/wordpress/wp-json/oembed/1.0/embede484.json]
[localhost/wordpress/index5ed0.html]
[localhost/wordpress/wp-content/uploads/2020/12/human-2.png]
[localhost/wordpress/wp-json/oembed/1.0/embedb273]
[localhost/wordpress/wp-content/uploads/elementor/css/post-1650424.css]
[localhost/wordpress/wp-content/uploads/elementor/css/post-1650424.css]
[localhost/wordpress/wp-json/wp/v2/pages/165.json]
[localhost/wordpress/wp-json/oembed/1.0/embed8cf1.json]
[localhost/wordpress/index17d5.html]
[localhost/wordpress/wp-content/uploads/2021/01/logo_pain2d_tablet_dark-1022x1024.png]
[localhost/wordpress/wp-json/oembed/1.0/embedeb17]
[localhost/wordpress/wp-content/uploads/elementor/css/post-2910424.css]
[localhost/wordpress/wp-content/uploads/elementor/css/post-2910424.css]
[localhost/wordpress/wp-json/wp/v2/pages/291.json]
[localhost/wordpress/wp-json/oembed/1.0/embedaa13.json]
[localhost/wordpress/wp-json/oembed/1.0/embedc2a7]
[localhost/wordpress/index820e.html]
[localhost/wordpress/wp-content/uploads/2021/01/logo_pain2d_tool_dark-1022x1024.png]
[localhost/wordpress/wp-content/uploads/elementor/css/post-3027049.css]
[localhost/wordpress/wp-content/uploads/elementor/css/post-3027049.css]
[localhost/wordpress/wp-json/oembed/1.0/embed7113.json]
[localhost/wordpress/wp-json/wp/v2/pages/302.json]
[localhost/wordpress/wp-content/uploads/2021/01/logo_pain2d_designer_dark-1022x1024.png]
[localhost/wordpress/wp-json/oembed/1.0/embedfe24]
[localhost/wordpress/index52e8.html]
[localhost/wordpress/wp-content/uploads/elementor/css/post-483b870.css]
[localhost/wordpress/wp-content/uploads/elementor/css/post-483b870.css]
[localhost/wordpress/wp-json/wp/v2/pages/483.json]
[localhost/wordpress/wp-json/oembed/1.0/embed3887.json]
[localhost/wordpress/wp-content/uploads/2020/12/natasza.png]
[localhost/wordpress/wp-json/oembed/1.0/embedd34e]
[localhost/wordpress/index3758.html]
[localhost/wordpress/wp-content/uploads/elementor/css/post-750da0a.css]
[localhost/wordpress/wp-content/uploads/elementor/css/post-750da0a.css]
[localhost/wordpress/wp-json/wp/v2/pages/750.json]
[localhost/wordpress/wp-json/oembed/1.0/embed1856.json]
[localhost/wordpress/wp-json/oembed/1.0/embed398f]
[localhost/wordpress/wp-content/uploads/2020/12/pia.png]
[localhost/wordpress/index21b4.html]
[localhost/wordpress/wp-content/uploads/elementor/css/post-7899b35.css]
[localhost/wordpress/wp-content/uploads/elementor/css/post-7899b35.css]
[localhost/wordpress/wp-json/wp/v2/pages/789.json]
[localhost/wordpress/wp-json/oembed/1.0/embed3bc0.json]
[localhost/wordpress/indexd4ce.html]
[localhost/wordpress/wp-content/uploads/2020/12/nina.png]
[localhost/wordpress/wp-json/oembed/1.0/embed93cd]
[localhost/wordpress/wp-content/uploads/elementor/css/post-8279b35.css]
[localhost/wordpress/wp-content/uploads/elementor/css/post-8279b35.css]
[localhost/wordpress/wp-json/wp/v2/pages/827.json]
[localhost/wordpress/wp-json/oembed/1.0/embedab26.json]
[localhost/wordpress/wp-json/oembed/1.0/embed5292]
[localhost/wordpress/indexc6a5.html]
[localhost/wordpress/wp-content/uploads/elementor/css/post-10893e81.css]
[localhost/wordpress/wp-content/uploads/elementor/css/post-10893e81.css]
[localhost/wordpress/wp-json/wp/v2/pages/1089.json]
[localhost/wordpress/wp-json/oembed/1.0/embeddfab.json]
[localhost/wordpress/indexf8dc.html]
[localhost/wordpress/wp-json/oembed/1.0/embedc082]
[localhost/wordpress/wp-content/uploads/2020/12/nefissa.png]
[localhost/wordpress/wp-content/uploads/elementor/css/post-8953e81.css]
[localhost/wordpress/wp-content/uploads/elementor/css/post-8953e81.css]
[localhost/wordpress/wp-json/wp/v2/pages/895.json]
[localhost/wordpress/wp-json/oembed/1.0/embed9cff.json]
[localhost/wordpress/index12e9.html]
[localhost/wordpress/wp-content/uploads/2020/12/tou.png]
[localhost/wordpress/wp-json/oembed/1.0/embede188]
[localhost/wordpress/wp-content/uploads/elementor/css/post-864aa3a.css]
[localhost/wordpress/wp-content/uploads/elementor/css/post-864aa3a.css]
[localhost/wordpress/wp-json/wp/v2/pages/864.json]
[localhost/wordpress/wp-json/oembed/1.0/embed0447.json]
[localhost/wordpress/index2cbe.html]
[localhost/wordpress/wp-content/uploads/2020/12/winzer.png]
[localhost/wordpress/wp-json/oembed/1.0/embed2fb4]
[localhost/wordpress/wp-content/uploads/elementor/css/post-8878b95.css]
[localhost/wordpress/wp-content/uploads/elementor/css/post-8878b95.css]
[localhost/wordpress/wp-json/wp/v2/pages/887.json]
[localhost/wordpress/wp-json/oembed/1.0/embedff92.json]
[localhost/wordpress/wp-json/oembed/1.0/embede416]
[localhost/wordpress/index8eb0.html]
[localhost/wordpress/wp-content/uploads/2020/12/hoecker.png]
[localhost/wordpress/wp-content/uploads/elementor/css/post-12008b95.css]
[localhost/wordpress/wp-content/uploads/elementor/css/post-12008b95.css]
[localhost/wordpress/wp-json/wp/v2/pages/1200.json]
[localhost/wordpress/wp-json/oembed/1.0/embed30df.json]
[localhost/wordpress/index6d80.html]
[localhost/wordpress/wp-json/oembed/1.0/embedba9f]
[localhost/wordpress/wp-content/uploads/elementor/css/post-8505536.css]
[localhost/wordpress/wp-content/uploads/elementor/css/post-8505536.css]
[localhost/wordpress/wp-json/oembed/1.0/embedc79b.json]
[localhost/wordpress/wp-json/wp/v2/pages/850.json]
[localhost/wordpress/wp-content/uploads/2020/12/jing.png]
[localhost/wordpress/wp-json/oembed/1.0/embed24e2]
[localhost/wordpress/wp-content/uploads/2021/01/freestock_1361415764-scaled.jpg]
[localhost/wordpress/indexfe6b.html]
[localhost/wordpress/wp-content/uploads/2020/11/team-scaled.html]
